22:45:08 [[31merror[39m] query is not defined {"status":500,"path":"/api/v1/ingest/url","method":"POST"}
ReferenceError: query is not defined
    at ingestText (file:///C:/Users/Dell/Desktop/rag-chat-bot/src/services/vectorStore.js:36:24)
    at process.processTicksAndRejections (node:internal/process/task_queues:103:5)
    at async file:///C:/Users/Dell/Desktop/rag-chat-bot/src/routes/ingest.js:75:22
22:45:08 [[31merror[39m] POST /api/v1/ingest/url {"status":500,"ms":2182,"ip":"::1"}
22:47:49 [[31merror[39m] sourceId is not defined {"status":500,"path":"/api/v1/ingest/url","method":"POST"}
ReferenceError: sourceId is not defined
    at ingestText (file:///C:/Users/Dell/Desktop/rag-chat-bot/src/services/vectorStore.js:57:33)
    at process.processTicksAndRejections (node:internal/process/task_queues:103:5)
    at async file:///C:/Users/Dell/Desktop/rag-chat-bot/src/routes/ingest.js:75:22
22:47:49 [[31merror[39m] POST /api/v1/ingest/url {"status":500,"ms":8333,"ip":"::1"}
22:48:20 [[31merror[39m] Request failed with status code 403 {"status":403,"path":"/api/v1/ingest/url","method":"POST"}
22:49:38 [[31merror[39m] Request failed with status code 403 {"status":403,"path":"/api/v1/ingest/url","method":"POST"}
22:51:42 [[31merror[39m] sourceId is not defined {"status":500,"path":"/api/v1/ingest/url","method":"POST"}
ReferenceError: sourceId is not defined
    at ingestText (file:///C:/Users/Dell/Desktop/rag-chat-bot/src/services/vectorStore.js:57:33)
    at process.processTicksAndRejections (node:internal/process/task_queues:103:5)
    at async file:///C:/Users/Dell/Desktop/rag-chat-bot/src/routes/ingest.js:75:22
22:51:42 [[31merror[39m] POST /api/v1/ingest/url {"status":500,"ms":778,"ip":"::1"}
20:58:39 [[31merror[39m] 401 {"error":{"message":"Invalid API Key","type":"invalid_request_error","code":"invalid_api_key"}} {"status":401,"path":"/api/v1/chat","method":"POST"}
20:58:39 [[31merror[39m] 401 {"error":{"message":"Invalid API Key","type":"invalid_request_error","code":"invalid_api_key"}} {"status":401,"path":"/api/v1/chat","method":"POST"}
21:31:33 [[31merror[39m] 401 {"error":{"message":"Invalid API Key","type":"invalid_request_error","code":"invalid_api_key"}} {"status":401,"path":"/api/v1/chat","method":"POST"}
21:34:36 [[31merror[39m] 401 {"error":{"message":"Invalid API Key","type":"invalid_request_error","code":"invalid_api_key"}} {"status":401,"path":"/api/v1/chat","method":"POST"}
21:34:36 [[31merror[39m] 401 {"error":{"message":"Invalid API Key","type":"invalid_request_error","code":"invalid_api_key"}} {"status":401,"path":"/api/v1/chat","method":"POST"}
